[tamubali.com/pawiwahan-arunda-radit3/index.html]
[tamubali.com/wp-content/uploads/2023/04/TrajanPro-Regular.woff2]
[tamubali.com/wp-content/uploads/2023/04/Cherolina.woff2]
[backblue.gif]
[fade.gif]
[index.html]
[tamubali.com/wp-content/plugins/dynamic-content-for-elementor/assets/css/animations952b.css]
[tamubali.com/wp-content/uploads/2023/04/TrajanPro-Regular-1.svg]
[tamubali.com/wp-content/uploads/2023/04/Cherolina.svg]
[tamubali.com/wp-content/plugins/header-footer-elementor/inc/widgets-css/frontendb5cf.css]
[tamubali.com/wp-content/plugins/weddingpress/assets/css/modules/bdt-uikit5829.css]
[tamubali.com/wp-content/plugins/weddingpress/assets/css/modules/ep-helper2ee1.css]
[tamubali.com/wp-content/plugins/jet-engine/assets/css/frontenda25a.css]
[cdnjs.cloudflare.com/index.html]
[tamubali.com/wp-content/uploads/useanyfont/uaff6fe.css]
[tamubali.com/feed/index.html]
[tamubali.com/wp-content/plugins/header-footer-elementor/assets/css/header-footer-elementorb5cf.css]
[tamubali.com/wp-content/plugins/jet-elements/assets/css/jet-elements2980.css]
[tamubali.com/wp-content/plugins/jet-elements/assets/css/jet-elements-skin2980.css]
[tamubali.com/comments/feed/index.html]
[tamubali.com/wp-content/plugins/elementor/assets/lib/eicons/css/elementor-icons.min0fd8.css]
[tamubali.com/wp-content/plugins/elementor/assets/css/frontend.min401f.css]
[tamubali.com/wp-content/uploads/2024/10/90S_2908.jpg]
[tamubali.com/wp-content/uploads/2024/10/90S_2824.jpg]
[tamubali.com/wp-content/plugins/elementor/assets/lib/swiper/v8/css/swiper.min94a4.css]
[tamubali.com/pawiwahan-arunda-radit3/feed/index.html]
[tamubali.com/wp-content/plugins/elementor/assets/css/conditionals/e-swiper.min401f.css]
[tamubali.com/wp-content/plugins/powerpack-elements/assets/css/min/frontend.min0ee8.css]
[tamubali.com/wp-includes/css/dashicons.min0b5e.css]
[tamubali.com/wp-content/plugins/elementor-pro/assets/css/conditionals/popup.min7ed1.css]
[tamubali.com/wp-content/plugins/weddingpress/assets/css/wdp2ee1.css]
[tamubali.com/wp-content/plugins/weddingpress/assets/css/guest-book2ee1.css]
[tamubali.com/wp-content/plugins/elementor/assets/lib/font-awesome/css/all.min401f.css]
[tamubali.com/wp-content/plugins/elementor/assets/lib/font-awesome/css/v4-shims.min401f.css]
[tamubali.com/wp-content/plugins/elementor/assets/css/widget-heading.min401f.css]
[tamubali.com/wp-content/plugins/elementor/assets/css/widget-text-editor.min401f.css]
[tamubali.com/wp-content/plugins/elementor/assets/css/widget-spacer.min401f.css]
[tamubali.com/wp-content/plugins/elementor-pro/assets/css/widget-gallery.min7ed1.css]
[tamubali.com/wp-content/plugins/elementor/assets/lib/e-gallery/css/e-gallery.min7359.css]
[tamubali.com/wp-content/plugins/elementor-pro/assets/css/conditionals/transitions.min7ed1.css]
[tamubali.com/wp-content/plugins/elementor/assets/css/widget-video.min401f.css]
[tamubali.com/wp-content/plugins/elementor/assets/css/widget-divider.min401f.css]
[tamubali.com/wp-content/plugins/elementor/assets/css/widget-icon-list.min401f.css]
[tamubali.com/wp-content/plugins/weddingpress/assets/css/exad-styles.min0b5e.css]
[tamubali.com/wp-content/plugins/weddingpress/addons/comment-kit2/css/cui_style8a54.css]
[tamubali.com/wp-content/themes/hello-elementor/style.minb12b.css]
[tamubali.com/wp-content/themes/hello-elementor/theme.minb12b.css]
[tamubali.com/wp-content/themes/hello-elementor/header-footer.minb12b.css]
[tamubali.com/wp-content/plugins/jetformbuilder/modules/option-field/assets/build/select4d8c.css]
[tamubali.com/wp-content/plugins/jetformbuilder/modules/option-field/assets/build/checkbox757e.css]
[tamubali.com/wp-content/plugins/jetformbuilder/modules/option-field/assets/build/radioffac.css]
[tamubali.com/wp-content/plugins/jetformbuilder/modules/advanced-choices/assets/build/main7f2b.css]
[tamubali.com/wp-content/plugins/jetformbuilder/modules/wysiwyg/assets/build/wysiwyg6814.css]
[tamubali.com/wp-content/plugins/jetformbuilder/modules/switcher/assets/build/switcher720a.css]
[tamubali.com/wp-content/plugins/jet-popup/assets/css/jet-popup-frontend1717.css]
[tamubali.com/wp-content/plugins/elementskit-lite/modules/elementskit-icon-pack/assets/css/ekiticons3d36.css]
[tamubali.com/wp-content/plugins/elementor/assets/css/widget-icon-list.min44b4.css]
[tamubali.com/wp-content/plugins/elementor/assets/css/widget-social-icons.min2401.css]
[tamubali.com/wp-content/plugins/elementor/assets/lib/font-awesome/css/brands52d5.css]
[tamubali.com/wp-content/plugins/elementor/assets/lib/font-awesome/css/fontawesome52d5.css]
[tamubali.com/wp-content/plugins/elementor/assets/lib/font-awesome/css/solid52d5.css]
[tamubali.com/wp-content/plugins/elementor-pro/assets/css/widget-blockquote.min503b.css]
[tamubali.com/wp-content/plugins/elementskit-lite/widgets/init/assets/css/widget-styles3d36.css]
[tamubali.com/wp-content/plugins/elementskit-lite/widgets/init/assets/css/responsive3d36.css]
[tamubali.com/wp-content/plugins/elementor/assets/lib/font-awesome/css/fontawesome.min52d5.css]
[tamubali.com/wp-content/plugins/elementor/assets/lib/font-awesome/css/regular.min52d5.css]
[tamubali.com/wp-content/plugins/elementor/assets/lib/font-awesome/css/solid.min52d5.css]
[tamubali.com/wp-content/plugins/elementor/assets/lib/font-awesome/css/brands.min52d5.css]
[tamubali.com/wp-includes/js/jquery/jquery.minf43b.js]
[tamubali.com/wp-includes/js/jquery/jquery-migrate.min5589.js]
[tamubali.com/wp-content/plugins/elementor/assets/lib/font-awesome/js/v4-shims.min401f.js]
[tamubali.com/wp-content/plugins/elementor-pro/assets/js/page-transitions.min7ed1.js]
[tamubali.com/wp-json/wp/v2/pages/50665.json]
[tamubali.com/wp-json/index.html]
[tamubali.com/xmlrpc0db0.php]
[tamubali.com/wp-json/oembed/1.0/embed1929.json]
[tamubali.com/wp-json/oembed/1.0/embed29d3]
[tamubali.com/wp-content/uploads/2022/06/Logo-muter-100x100.png]
[tamubali.com/wp-content/uploads/2022/06/Logo-muter.png]
[tamubali.com/wp-content/uploads/2024/10/utomp3.com-TheOvertunes-Bukan-Sekedar-Kata-from-Susah-Sinyal-Lyric-Video.mp3]
[tamubali.com/wp-content/uploads/2024/03/MEMPELAI-PRIA.png]
[tamubali.com/wp-content/uploads/2024/10/90S_2615.jpg]
[tamubali.com/wp-content/uploads/2024/04/MEMPELAI-PRIA-2.png]
[tamubali.com/wp-content/uploads/2024/10/90S_2586.jpg]
[tamubali.com/wp-content/uploads/2024/10/90S_2822.jpg]
[tamubali.com/wp-content/uploads/2024/10/90S_2530.jpg]
[tamubali.com/wp-content/uploads/2024/10/90S_2517.jpg]
[tamubali.com/wp-content/uploads/2024/10/90S_2578.jpg]
[tamubali.com/wp-content/uploads/2024/10/90S_2576.jpg]
[tamubali.com/wp-content/uploads/2022/11/quotes-01.png]
[tamubali.com/wp-content/uploads/2022/11/logo-panjenag.png]
[tamubali.com/wp-content/plugins/dynamic-content-for-elementor/assets/css/style.min952b.css]
[tamubali.com/wp-content/plugins/dynamic-content-for-elementor/assets/css/dynamic-visibility.min952b.css]
[tamubali.com/wp-content/plugins/elementor-pro/assets/css/modules/motion-fx.min7ed1.css]
[tamubali.com/pawiwahan-arunda-radit3/index1d28.html]
[tamubali.com/wp-content/plugins/elementor/assets/lib/e-gallery/js/e-gallery.min7359.js]
[tamubali.com/wp-content/plugins/weddingpress/assets/js/wdp-swiper.min.js]
[tamubali.com/wp-content/plugins/weddingpress/assets/js/qr-code.js]
[tamubali.com/wp-content/plugins/weddingpress/assets/js/exad-scripts.min2ee1.js]
[unpkg.com/qr-code-styling@1.5.0/lib/qr-code-styling.js]
[tamubali.com/wp-content/plugins/weddingpress/addons/comment-kit2/js/cui_script8a54.js]
[cdnjs.cloudflare.com/ajax/libs/xlsx/0.17.0/xlsx.full.min.js]
[tamubali.com/wp-content/plugins/weddingpress/addons/comment-kit2/js/libs/jquery.jPages.minac14.js]
[tamubali.com/wp-content/plugins/weddingpress/addons/comment-kit2/js/libs/jquery.textareaCounterd5f7.js]
[tamubali.com/wp-content/plugins/weddingpress/addons/comment-kit2/js/libs/jquery.placeholder.min5d0a.js]
[tamubali.com/wp-content/plugins/weddingpress/addons/comment-kit2/js/libs/autosize.mind50e.js]
[tamubali.com/wp-content/themes/hello-elementor/assets/js/hello-frontend.minb12b.js]
[tamubali.com/wp-content/plugins/jetformbuilder/modules/jet-plugins/assets/build/index8a54.js]
[tamubali.com/wp-content/plugins/jet-elements/assets/js/lib/anime-js/anime.min3601.js]
[tamubali.com/wp-content/plugins/jet-popup/assets/js/jet-popup-frontend1717.js]
[tamubali.com/wp-content/plugins/elementor-pro/assets/lib/instant-page/instant-page.min7ed1.js]
[tamubali.com/wp-content/plugins/elementskit-lite/widgets/init/assets/js/widget-scripts3d36.js]
[tamubali.com/wp-content/plugins/conditional-fields-for-elementor-form/assets/js/cfef_logic_frontend.min3ba1.js]
[tamubali.com/wp-content/plugins/elementor-pro/assets/js/webpack-pro.runtime.min7ed1.js]
[tamubali.com/wp-content/plugins/elementor/assets/js/webpack.runtime.min401f.js]
[tamubali.com/wp-content/plugins/elementor/assets/js/frontend-modules.min401f.js]
[tamubali.com/wp-includes/js/dist/hooks.min4fdd.js]
[tamubali.com/wp-includes/js/dist/i18n.minc33c.js]
[tamubali.com/wp-content/plugins/elementor-pro/assets/js/frontend.min7ed1.js]
[tamubali.com/wp-includes/js/jquery/ui/core.minb37e.js]
[tamubali.com/wp-content/plugins/elementor/assets/js/frontend.min401f.js]
[tamubali.com/wp-content/plugins/elementor-pro/assets/js/elements-handlers.min7ed1.js]
[tamubali.com/wp-content/plugins/weddingpress/assets/js/modules/bdt-uikit5829.js]
[tamubali.com/wp-content/plugins/jet-elements/assets/js/lib/waypoints/waypoints05da.js]
[tamubali.com/wp-content/plugins/jet-elements/assets/js/jet-elements.min2980.js]
[tamubali.com/wp-content/plugins/jet-popup/includes/elementor/assets/js/jet-popup-elementor-frontend1717.js]
[tamubali.com/wp-content/plugins/elementskit-lite/widgets/init/assets/js/animate-circle.min3d36.js]
[tamubali.com/wp-content/plugins/elementskit-lite/widgets/init/assets/js/elementor3d36.js]
[tamubali.com/wp-content/plugins/weddingpress/assets/js/wdp.min2ee1.js]
[tamubali.com/wp-content/plugins/weddingpress/assets/js/guest-form2ee1.js]
[tamubali.com/wp-content/plugins/powerpack-elements/assets/lib/tooltipster/tooltipster.min0ee8.js]
[tamubali.com/wp-content/plugins/powerpack-elements/assets/js/min/frontend-tooltip.min0ee8.js]
[tamubali.com/pawiwahan-arunda-radit3/index.html]
[tamubali.com/wp-content/uploads/2023/04/TrajanPro-Regular.html]
[tamubali.com/wp-content/uploads/2023/04/Cherolina.html]
[cdnjs.cloudflare.com/ajax/libs/gsap/3.9.1/gsap.min.js]
[unpkg.com/index.html]
[cdnjs.cloudflare.com/cf.core.css]
[cdnjs.cloudflare.com/index.html]
[www.googletagmanager.com/index.html]
[tamubali.com/wp-content/plugins/dynamic-content-for-elementor/assets/css/animations952b.css]
[tamubali.com/wp-content/uploads/2023/04/TrajanPro-Regular-1.html]
[tamubali.com/wp-content/uploads/2023/04/Cherolina-2.html]
[tamubali.com/wp-content/plugins/header-footer-elementor/inc/widgets-css/frontendb5cf.css]
[tamubali.com/wp-content/plugins/weddingpress/assets/images/backgrounds/divider-icon.svg]
[tamubali.com/wp-content/plugins/weddingpress/assets/images/backgrounds/list-bullet.svg]
[tamubali.com/wp-content/plugins/weddingpress/assets/images/backgrounds/form-datalist.svg]
[tamubali.com/wp-content/plugins/weddingpress/assets/css/modules/bdt-uikit5829.css]
[tamubali.com/wp-content/plugins/weddingpress/assets/css/images/loading.svg]
[tamubali.com/wp-content/plugins/weddingpress/assets/css/modules/ep-helper2ee1.css]
[tamubali.com/wp-content/plugins/jet-engine/assets/css/frontenda25a.css]
[tamubali.com/wp-content/uploads/useanyfont/1716Trojan.woff2]
[tamubali.com/wp-content/uploads/useanyfont/uaff6fe.css]
[tamubali.com/wp-content/plugins/header-footer-elementor/assets/css/header-footer-elementorb5cf.css]
[tamubali.com/wp-content/uploads/useanyfont/1716Trojan.woff]
[tamubali.com/wp-content/plugins/jet-elements/assets/images/dummy-map.png]
[tamubali.com/wp-content/plugins/jet-elements/assets/css/jet-elements2980.css]
[tamubali.com/wp-content/plugins/jet-elements/assets/css/jet-elements-skin2980.css]
[tamubali.com/wp-content/plugins/elementor/assets/lib/eicons/css/elementor-icons.min0fd8.css]
[tamubali.com/wp-content/plugins/elementor/assets/css/frontend.min401f.css]
[tamubali.com/wp-content/plugins/elementor/assets/lib/swiper/v8/css/swiper.min94a4.css]
[tamubali.com/wp-content/plugins/elementor/assets/css/conditionals/e-swiper.min401f.css]
[tamubali.com/wp-content/plugins/powerpack-elements/assets/css/min/frontend.min0ee8.css]
[tamubali.com/wp-includes/css/dashicons.min0b5e.css]
[tamubali.com/wp-content/plugins/elementor-pro/assets/css/conditionals/popup.min7ed1.css]
[tamubali.com/wp-content/plugins/weddingpress/assets/css/wdp2ee1.css]
[tamubali.com/wp-content/plugins/weddingpress/assets/css/guest-book2ee1.css]
[tamubali.com/wp-content/plugins/elementor/assets/lib/eicons/fonts/eicons9d5b.svg]
[tamubali.com/wp-content/plugins/elementor/assets/lib/font-awesome/webfonts/fa-brands-400.svg]
[tamubali.com/wp-content/plugins/elementor/assets/lib/font-awesome/webfonts/fa-regular-400.svg]
[tamubali.com/wp-content/plugins/elementor/assets/lib/font-awesome/css/all.min401f.css]
[tamubali.com/wp-content/plugins/elementor/assets/lib/font-awesome/css/v4-shims.min401f.css]
[tamubali.com/wp-content/plugins/elementor/assets/lib/animations/styles/fadeInDown.min401f.css]
[tamubali.com/wp-content/plugins/elementor/assets/lib/animations/styles/fadeInUp.min401f.css]
[tamubali.com/wp-content/plugins/elementor/assets/css/widget-heading.min401f.css]
[tamubali.com/wp-content/plugins/elementor/assets/css/widget-text-editor.min401f.css]
[tamubali.com/wp-content/plugins/elementor/assets/lib/animations/styles/slideInUp.min401f.css]
[tamubali.com/wp-content/plugins/elementor/assets/css/widget-spacer.min401f.css]
[tamubali.com/wp-content/plugins/elementor/assets/lib/animations/styles/slideInRight.min401f.css]
[tamubali.com/wp-content/plugins/elementor/assets/lib/animations/styles/fadeInRight.min401f.css]
[tamubali.com/wp-content/plugins/elementor/assets/css/widget-image.min401f.css]
[tamubali.com/wp-content/plugins/elementor/assets/lib/animations/styles/fadeInLeft.min401f.css]
[tamubali.com/wp-content/plugins/elementor/assets/lib/animations/styles/slideInLeft.min401f.css]
[tamubali.com/wp-content/plugins/elementor-pro/assets/css/widget-gallery.min7ed1.css]
[tamubali.com/wp-content/plugins/elementor/assets/lib/e-gallery/css/e-gallery.min7359.css]
[tamubali.com/wp-content/plugins/elementor-pro/assets/css/conditionals/transitions.min7ed1.css]
[tamubali.com/wp-content/plugins/elementor/assets/css/widget-video.min401f.css]
[tamubali.com/wp-content/plugins/elementor/assets/css/widget-divider.min401f.css]
[tamubali.com/wp-content/plugins/elementor/assets/css/widget-icon-list.min401f.css]
[tamubali.com/wp-content/plugins/weddingpress/assets/css/exad-styles.min0b5e.css]
[tamubali.com/wp-content/plugins/elementor/assets/lib/font-awesome/webfonts/fa-solid-900.svg]
[tamubali.com/wp-content/plugins/weddingpress/addons/comment-kit2/css/fonts/cuifont7137.eot]
[tamubali.com/wp-content/plugins/weddingpress/addons/comment-kit2/css/fonts/cuifont7137.ttf]
[tamubali.com/wp-content/plugins/weddingpress/addons/comment-kit2/css/fonts/cuifont7137.woff]
[tamubali.com/wp-content/plugins/weddingpress/addons/comment-kit2/css/fonts/cuifont7137.svg]
[tamubali.com/wp-content/plugins/weddingpress/addons/comment-kit2/css/images/modal_x.png]
[tamubali.com/wp-content/plugins/weddingpress/addons/comment-kit2/css/cui_style8a54.css]
[tamubali.com/wp-content/themes/hello-elementor/style.minb12b.css]
[tamubali.com/wp-content/themes/hello-elementor/theme.minb12b.css]
[tamubali.com/wp-content/themes/hello-elementor/header-footer.minb12b.css]
[tamubali.com/wp-content/plugins/jetformbuilder/modules/option-field/assets/build/select4d8c.css]
[tamubali.com/wp-content/plugins/jetformbuilder/modules/option-field/assets/build/checkbox757e.css]
[tamubali.com/wp-content/plugins/jetformbuilder/modules/option-field/assets/build/radioffac.css]
[tamubali.com/wp-content/plugins/jetformbuilder/modules/advanced-choices/assets/build/main7f2b.css]
[tamubali.com/wp-content/plugins/jetformbuilder/modules/wysiwyg/assets/build/wysiwyg6814.css]
[tamubali.com/wp-content/plugins/jetformbuilder/modules/switcher/assets/build/switcher720a.css]
[tamubali.com/wp-content/plugins/jet-popup/assets/image/transparent.jpg]
[tamubali.com/wp-content/plugins/jet-popup/assets/css/jet-popup-frontend1717.css]
[tamubali.com/wp-content/plugins/elementskit-lite/modules/elementskit-icon-pack/assets/css/ekiticons3d36.css]
[tamubali.com/wp-content/plugins/elementor/assets/css/widget-icon-list.min44b4.css]
[tamubali.com/wp-content/plugins/elementor/assets/css/widget-social-icons.min2401.css]
[tamubali.com/wp-content/plugins/elementor/assets/lib/font-awesome/css/brands52d5.css]
[tamubali.com/wp-content/plugins/elementor/assets/lib/font-awesome/css/fontawesome52d5.css]
[tamubali.com/wp-content/plugins/elementor/assets/lib/font-awesome/css/solid52d5.css]
[tamubali.com/wp-content/plugins/elementor-pro/assets/css/widget-blockquote.min503b.css]
[tamubali.com/wp-content/plugins/elementskit-lite/widgets/init/assets/img/arrow.png]
[tamubali.com/wp-content/plugins/elementskit-lite/widgets/init/assets/img/sort_asc.png]
[tamubali.com/wp-content/plugins/elementskit-lite/widgets/init/assets/img/sort_desc.png]
[tamubali.com/wp-content/plugins/elementskit-lite/widgets/init/assets/img/sort_asc_disabled.png]
[tamubali.com/wp-content/plugins/elementskit-lite/widgets/init/assets/css/widget-styles3d36.css]
[tamubali.com/wp-content/plugins/elementskit-lite/widgets/init/assets/css/responsive3d36.css]
[tamubali.com/wp-content/plugins/elementor/assets/lib/font-awesome/css/fontawesome.min52d5.css]
[tamubali.com/wp-content/plugins/elementor/assets/lib/font-awesome/css/regular.min52d5.css]
[tamubali.com/wp-content/plugins/elementor/assets/lib/font-awesome/css/solid.min52d5.css]
[tamubali.com/wp-content/plugins/elementor/assets/lib/font-awesome/css/brands.min52d5.css]
[fonts.gstatic.com/index.html]
[tamubali.com/wp-includes/js/jquery/jquery.minf43b.js]
[tamubali.com/wp-includes/js/jquery/jquery-migrate.min5589.js]
[tamubali.com/wp-content/plugins/elementor/assets/lib/font-awesome/js/v4-shims.min401f.js]
[tamubali.com/wp-content/plugins/elementor-pro/assets/js/page-transitions.min7ed1.js]
[tamubali.com/index1880.html]
[www.googletagmanager.com/gtm5445.html]
[tamubali.com/pawiwahan-arunda-radit3/index1d28.html]
[tamubali.com/wp-content/plugins/dynamic-content-for-elementor/assets/css/style.min952b.css]
[tamubali.com/wp-content/plugins/dynamic-content-for-elementor/assets/css/dynamic-visibility.min952b.css]
[tamubali.com/wp-content/plugins/elementor-pro/assets/css/modules/motion-fx.min7ed1.css]
[tamubali.com/wp-content/plugins/elementor/assets/lib/e-gallery/js/e-gallery.min7359.js]
[tamubali.com/wp-content/plugins/weddingpress/assets/js/wdp-swiper.min.js]
[tamubali.com/wp-content/plugins/weddingpress/assets/js/qr-code.js]
[tamubali.com/pawiwahan-arunda-radit3/Trident/index.html]
[tamubali.com/wp-content/plugins/weddingpress/assets/js/exad-scripts.min2ee1.js]
[tamubali.com/pawiwahan-arunda-radit3/Edge/index.html]
[tamubali.com/pawiwahan-arunda-radit3/Gecko/index.html]
[tamubali.com/pawiwahan-arunda-radit3/Firefox/index.html]
[tamubali.com/wp-content/plugins/weddingpress/addons/comment-kit2/js/cui_script8a54.js]
[tamubali.com/wp-content/plugins/weddingpress/addons/comment-kit2/js/libs/jquery.jPages.minac14.js]
[tamubali.com/wp-content/plugins/weddingpress/addons/comment-kit2/js/libs/jquery.textareaCounterd5f7.js]
[tamubali.com/wp-content/plugins/weddingpress/addons/comment-kit2/js/libs/jquery.placeholder.min5d0a.js]
[tamubali.com/wp-content/plugins/weddingpress/addons/comment-kit2/js/libs/autosize.mind50e.js]
[tamubali.com/wp-content/themes/hello-elementor/assets/js/hello-frontend.minb12b.js]
[tamubali.com/wp-content/plugins/jetformbuilder/modules/jet-plugins/assets/build/index8a54.js]
[tamubali.com/wp-content/plugins/jet-elements/assets/js/lib/anime-js/anime.min3601.js]
[tamubali.com/wp-content/plugins/jet-popup/assets/js/jet-popup-frontend1717.js]
[tamubali.com/wp-content/plugins/elementor-pro/assets/lib/instant-page/instant-page.min7ed1.js]
[tamubali.com/wp-content/plugins/elementskit-lite/libs/framework/assets/js/frontend-script3d36.js]
[tamubali.com/wp-content/plugins/elementskit-lite/widgets/init/assets/js/widget-scripts3d36.js]
[tamubali.com/wp-content/plugins/conditional-fields-for-elementor-form/assets/js/cfef_logic_frontend.min3ba1.js]
[tamubali.com/wp-content/plugins/elementor-pro/assets/js/webpack-pro.runtime.min7ed1.js]
[tamubali.com/wp-content/plugins/elementor/assets/js/webpack.runtime.min401f.js]
[tamubali.com/wp-content/plugins/elementor/assets/js/frontend-modules.min401f.js]
[tamubali.com/wp-includes/js/dist/hooks.min4fdd.js]
[tamubali.com/wp-includes/js/dist/i18n.minc33c.js]
[tamubali.com/wp-content/plugins/elementor-pro/assets/js/frontend.min7ed1.js]
[tamubali.com/wp-includes/js/jquery/ui/core.minb37e.js]
[tamubali.com/pawiwahan-arunda-radit3/Version/index.html]
[tamubali.com/pawiwahan-arunda-radit3/version/index-2.html]
[tamubali.com/pawiwahan-arunda-radit3/-negative.svg]
[tamubali.com/wp-content/plugins/elementor/assets/js/frontend.min401f.js]
[tamubali.com/pawiwahan-arunda-radit3/window.location.href]
[tamubali.com/wp-content/plugins/elementor-pro/assets/js/elements-handlers.min7ed1.js]
[tamubali.com/wp-content/plugins/weddingpress/assets/js/modules/bdt-uikit5829.js]
[tamubali.com/wp-content/plugins/jet-elements/assets/js/lib/waypoints/waypoints05da.js]
[tamubali.com/wp-content/plugins/jet-elements/assets/js/jet-elements.min2980.js]
[tamubali.com/wp-content/plugins/jet-popup/includes/elementor/assets/js/jet-popup-elementor-frontend1717.js]
[tamubali.com/wp-content/plugins/elementskit-lite/widgets/init/assets/js/animate-circle.min3d36.js]
[tamubali.com/wp-content/plugins/elementskit-lite/widgets/init/assets/js/elementor3d36.js]
[tamubali.com/wp-content/plugins/weddingpress/assets/js/wdp.min2ee1.js]
[tamubali.com/pawiwahan-arunda-radit3/OPR/index.html]
[tamubali.com/wp-content/plugins/weddingpress/assets/js/guest-form2ee1.js]
[tamubali.com/wp-content/plugins/powerpack-elements/assets/lib/tooltipster/tooltipster.min0ee8.js]
[tamubali.com/wp-content/plugins/powerpack-elements/assets/js/min/frontend-tooltip.min0ee8.js]
[cdnjs.cloudflare.com/cf.core.css]
[tamubali.com/wp-content/plugins/weddingpress/assets/images/backgrounds/divider-icon.html]
[tamubali.com/wp-content/plugins/weddingpress/assets/images/backgrounds/list-bullet.html]
[tamubali.com/wp-content/plugins/weddingpress/assets/images/backgrounds/form-datalist.html]
[tamubali.com/wp-content/plugins/weddingpress/assets/css/images/loading.html]
[tamubali.com/wp-content/plugins/elementor/assets/lib/eicons/fonts/eicons9d5b.svg]
[tamubali.com/wp-content/plugins/elementor/assets/lib/font-awesome/webfonts/fa-brands-400.svg]
[tamubali.com/wp-content/plugins/elementor/assets/lib/font-awesome/webfonts/fa-regular-400.svg]
[tamubali.com/wp-content/plugins/elementor/assets/lib/font-awesome/webfonts/fa-solid-900.svg]
[tamubali.com/wp-content/plugins/weddingpress/addons/comment-kit2/css/fonts/cuifont7137.svg]
[tamubali.com/wp-content/plugins/weddingpress/addons/comment-kit2/css/images/modal_x.html]
[tamubali.com/wp-content/plugins/elementskit-lite/widgets/init/assets/img/cross-out.svg]
[tamubali.com/pawiwahan-arunda-radit3/Trident/index.html]
[tamubali.com/pawiwahan-arunda-radit3/Edge/index.html]
[tamubali.com/pawiwahan-arunda-radit3/Gecko/index.html]
[tamubali.com/pawiwahan-arunda-radit3/Firefox/index.html]
[tamubali.com/pawiwahan-arunda-radit3/Version/index.html]
[tamubali.com/pawiwahan-arunda-radit3/version/index-2.html]
[tamubali.com/pawiwahan-arunda-radit3/-negative.html]
[tamubali.com/pawiwahan-arunda-radit3/OPR/index.html]
[tamubali.com/pawiwahan-arunda-radit3/window.location.html]
[tamubali.com/pawiwahan-arunda-radit3/edge/index-2.html]
[tamubali.com/pawiwahan-arunda-radit3/edge/index-2.html]
